bitcount                     PASS steps=5   calls=6   out_tok=1171    31.0s tg= 75.3 
bucketsort                   PASS steps=5   calls=6   out_tok=504     11.5s tg= 60.7 
find_first_in_sorted         FAIL steps=3   calls=4   out_tok=3164    35.9s tg=100.5 
find_in_sorted               PASS steps=5   calls=6   out_tok=3419    44.6s tg= 89.3 
flatten                      PASS steps=5   calls=6   out_tok=637     16.1s tg= 60.2 
gcd                          PASS steps=5   calls=6   out_tok=1019    16.2s tg= 76.2 
get_factors                  PASS steps=5   calls=6   out_tok=2897    38.2s tg= 89.4 
hanoi                        PASS steps=5   calls=6   out_tok=1063    20.8s tg= 71.6 
is_valid_parenthesization    PASS steps=5   calls=6   out_tok=531     12.4s tg= 54.2 
kheapsort                    FAIL steps=3   calls=3   out_tok=3142    43.4s tg= 86.0 
kth                          PASS steps=6   calls=7   out_tok=1774    26.7s tg= 77.4 
lcs_length                   PASS steps=5   calls=5   out_tok=1857    32.7s tg= 68.7 
lis                          FAIL steps=4   calls=4   out_tok=4059    50.3s tg= 94.4 
longest_common_subsequence   PASS steps=5   calls=6   out_tok=2095    31.0s tg= 83.9 
max_sublist_sum              PASS steps=6   calls=6   out_tok=2288    29.0s tg= 90.3 
mergesort                    PASS steps=5   calls=6   out_tok=634     16.8s tg= 61.3 
next_palindrome              PASS steps=5   calls=6   out_tok=2447    34.4s tg= 87.0 
next_permutation             PASS steps=5   calls=5   out_tok=1273    19.0s tg= 78.7 
pascal                       PASS steps=5   calls=6   out_tok=1784    26.6s tg= 86.8 
possible_change              PASS steps=5   calls=6   out_tok=1168    20.2s tg= 84.2 
powerset                     PASS steps=5   calls=6   out_tok=1642    22.4s tg= 84.7 
quicksort                    PASS steps=5   calls=6   out_tok=1023    22.0s tg= 64.8 
rpn_eval                     PASS steps=6   calls=7   out_tok=739     17.6s tg= 62.9 
shunting_yard                PASS steps=5   calls=5   out_tok=638     12.0s tg= 69.5 
sieve                        PASS steps=5   calls=5   out_tok=464     10.2s tg= 59.3 
sqrt                         FAIL steps=4   calls=4   out_tok=4472    62.7s tg= 99.6 
subsequences                 FAIL steps=3   calls=4   out_tok=3161    38.8s tg= 97.5 
to_base                      PASS steps=5   calls=6   out_tok=711     16.2s tg= 66.4 
wrap                         PASS steps=6   calls=7   out_tok=1441    24.4s tg= 80.1 

SUMMARY 24/29 passed  total_wall=783s  total_tok=233882 (in 182665 / out 51217)  calls=162 bad=0 cheat=0
